------------------------------------------------------------
Timing Analyzer Summary
------------------------------------------------------------

Type  : Slow 1200mV 85C Model Setup 'inst2pll|altpll_component|auto_generated|pll1|clk[2]'
Slack : 0.273
TNS   : 0.000

Type  : Slow 1200mV 85C Model Setup 'inst2pll|altpll_component|auto_generated|pll1|clk[2]~1'
Slack : 0.273
TNS   : 0.000

Type  : Slow 1200mV 85C Model Setup 'inst2pll|altpll_component|auto_generated|pll1|clk[1]'
Slack : 0.493
TNS   : 0.000

Type  : Slow 1200mV 85C Model Setup 'inst2pll|altpll_component|auto_generated|pll1|clk[1]~1'
Slack : 0.493
TNS   : 0.000

Type  : Slow 1200mV 85C Model Setup 'inst2pll|altpll_component|auto_generated|pll1|clk[0]'
Slack : 1.069
TNS   : 0.000

Type  : Slow 1200mV 85C Model Setup 'inst2pll|altpll_component|auto_generated|pll1|clk[0]~1'
Slack : 1.069
TNS   : 0.000

Type  : Slow 1200mV 85C Model Setup 'n/a'
Slack : 3.176
TNS   : 0.000

Type  : Slow 1200mV 85C Model Setup 'ftdi_clk'
Slack : 5.193
TNS   : 0.000

Type  : Slow 1200mV 85C Model Setup 'scanclk'
Slack : 8.797
TNS   : 0.000

Type  : Slow 1200mV 85C Model Hold 'inst2pll|altpll_component|auto_generated|pll1|clk[2]'
Slack : 0.286
TNS   : 0.000

Type  : Slow 1200mV 85C Model Hold 'inst2pll|altpll_component|auto_generated|pll1|clk[2]~1'
Slack : 0.286
TNS   : 0.000

Type  : Slow 1200mV 85C Model Hold 'ftdi_clk'
Slack : 0.306
TNS   : 0.000

Type  : Slow 1200mV 85C Model Hold 'inst2pll|altpll_component|auto_generated|pll1|clk[0]'
Slack : 0.342
TNS   : 0.000

Type  : Slow 1200mV 85C Model Hold 'inst2pll|altpll_component|auto_generated|pll1|clk[0]~1'
Slack : 0.342
TNS   : 0.000

Type  : Slow 1200mV 85C Model Hold 'scanclk'
Slack : 0.358
TNS   : 0.000

Type  : Slow 1200mV 85C Model Hold 'inst2pll|altpll_component|auto_generated|pll1|clk[1]'
Slack : 0.370
TNS   : 0.000

Type  : Slow 1200mV 85C Model Hold 'inst2pll|altpll_component|auto_generated|pll1|clk[1]~1'
Slack : 0.370
TNS   : 0.000

Type  : Slow 1200mV 85C Model Hold 'n/a'
Slack : 0.552
TNS   : 0.000

Type  : Slow 1200mV 85C Model Recovery 'ftdi_clk'
Slack : 12.767
TNS   : 0.000

Type  : Slow 1200mV 85C Model Recovery 'inst2pll|altpll_component|auto_generated|pll1|clk[0]'
Slack : 15.535
TNS   : 0.000

Type  : Slow 1200mV 85C Model Recovery 'inst2pll|altpll_component|auto_generated|pll1|clk[0]~1'
Slack : 15.535
TNS   : 0.000

Type  : Slow 1200mV 85C Model Removal 'ftdi_clk'
Slack : 2.999
TNS   : 0.000

Type  : Slow 1200mV 85C Model Removal 'inst2pll|altpll_component|auto_generated|pll1|clk[0]'
Slack : 3.514
TNS   : 0.000

Type  : Slow 1200mV 85C Model Removal 'inst2pll|altpll_component|auto_generated|pll1|clk[0]~1'
Slack : 3.514
TNS   : 0.000

Type  : Slow 1200mV 85C Model Minimum Pulse Width 'inst2pll|altpll_component|auto_generated|pll1|clk[1]'
Slack : 0.500
TNS   : 0.000

Type  : Slow 1200mV 85C Model Minimum Pulse Width 'inst2pll|altpll_component|auto_generated|pll1|clk[1]~1'
Slack : 0.500
TNS   : 0.000

Type  : Slow 1200mV 85C Model Minimum Pulse Width 'scanclk'
Slack : 3.971
TNS   : 0.000

Type  : Slow 1200mV 85C Model Minimum Pulse Width 'inst2pll|altpll_component|auto_generated|pll1|clk[2]'
Slack : 5.989
TNS   : 0.000

Type  : Slow 1200mV 85C Model Minimum Pulse Width 'inst2pll|altpll_component|auto_generated|pll1|clk[2]~1'
Slack : 5.989
TNS   : 0.000

Type  : Slow 1200mV 85C Model Minimum Pulse Width 'ftdi_clk'
Slack : 7.824
TNS   : 0.000

Type  : Slow 1200mV 85C Model Minimum Pulse Width 'clk50'
Slack : 9.739
TNS   : 0.000

Type  : Slow 1200mV 85C Model Minimum Pulse Width 'inst2pll|altpll_component|auto_generated|pll1|clk[0]'
Slack : 9.745
TNS   : 0.000

Type  : Slow 1200mV 85C Model Minimum Pulse Width 'inst2pll|altpll_component|auto_generated|pll1|clk[0]~1'
Slack : 9.745
TNS   : 0.000

Type  : Slow 1200mV 85C Model Minimum Pulse Width 'clk_ext'
Slack : 9.827
TNS   : 0.000

Type  : Slow 1200mV 0C Model Setup 'inst2pll|altpll_component|auto_generated|pll1|clk[2]'
Slack : 0.506
TNS   : 0.000

Type  : Slow 1200mV 0C Model Setup 'inst2pll|altpll_component|auto_generated|pll1|clk[2]~1'
Slack : 0.506
TNS   : 0.000

Type  : Slow 1200mV 0C Model Setup 'inst2pll|altpll_component|auto_generated|pll1|clk[1]'
Slack : 0.589
TNS   : 0.000

Type  : Slow 1200mV 0C Model Setup 'inst2pll|altpll_component|auto_generated|pll1|clk[1]~1'
Slack : 0.589
TNS   : 0.000

Type  : Slow 1200mV 0C Model Setup 'inst2pll|altpll_component|auto_generated|pll1|clk[0]'
Slack : 1.217
TNS   : 0.000

Type  : Slow 1200mV 0C Model Setup 'inst2pll|altpll_component|auto_generated|pll1|clk[0]~1'
Slack : 1.217
TNS   : 0.000

Type  : Slow 1200mV 0C Model Setup 'n/a'
Slack : 3.833
TNS   : 0.000

Type  : Slow 1200mV 0C Model Setup 'ftdi_clk'
Slack : 5.791
TNS   : 0.000

Type  : Slow 1200mV 0C Model Setup 'scanclk'
Slack : 8.912
TNS   : 0.000

Type  : Slow 1200mV 0C Model Hold 'inst2pll|altpll_component|auto_generated|pll1|clk[2]'
Slack : 0.286
TNS   : 0.000

Type  : Slow 1200mV 0C Model Hold 'inst2pll|altpll_component|auto_generated|pll1|clk[2]~1'
Slack : 0.286
TNS   : 0.000

Type  : Slow 1200mV 0C Model Hold 'ftdi_clk'
Slack : 0.297
TNS   : 0.000

Type  : Slow 1200mV 0C Model Hold 'inst2pll|altpll_component|auto_generated|pll1|clk[0]'
Slack : 0.297
TNS   : 0.000

Type  : Slow 1200mV 0C Model Hold 'inst2pll|altpll_component|auto_generated|pll1|clk[0]~1'
Slack : 0.297
TNS   : 0.000

Type  : Slow 1200mV 0C Model Hold 'scanclk'
Slack : 0.318
TNS   : 0.000

Type  : Slow 1200mV 0C Model Hold 'inst2pll|altpll_component|auto_generated|pll1|clk[1]'
Slack : 0.336
TNS   : 0.000

Type  : Slow 1200mV 0C Model Hold 'inst2pll|altpll_component|auto_generated|pll1|clk[1]~1'
Slack : 0.336
TNS   : 0.000

Type  : Slow 1200mV 0C Model Hold 'n/a'
Slack : 0.565
TNS   : 0.000

Type  : Slow 1200mV 0C Model Recovery 'ftdi_clk'
Slack : 13.195
TNS   : 0.000

Type  : Slow 1200mV 0C Model Recovery 'inst2pll|altpll_component|auto_generated|pll1|clk[0]'
Slack : 15.988
TNS   : 0.000

Type  : Slow 1200mV 0C Model Recovery 'inst2pll|altpll_component|auto_generated|pll1|clk[0]~1'
Slack : 15.988
TNS   : 0.000

Type  : Slow 1200mV 0C Model Removal 'ftdi_clk'
Slack : 2.696
TNS   : 0.000

Type  : Slow 1200mV 0C Model Removal 'inst2pll|altpll_component|auto_generated|pll1|clk[0]'
Slack : 3.143
TNS   : 0.000

Type  : Slow 1200mV 0C Model Removal 'inst2pll|altpll_component|auto_generated|pll1|clk[0]~1'
Slack : 3.143
TNS   : 0.000

Type  : Slow 1200mV 0C Model Minimum Pulse Width 'inst2pll|altpll_component|auto_generated|pll1|clk[1]'
Slack : 0.500
TNS   : 0.000

Type  : Slow 1200mV 0C Model Minimum Pulse Width 'inst2pll|altpll_component|auto_generated|pll1|clk[1]~1'
Slack : 0.500
TNS   : 0.000

Type  : Slow 1200mV 0C Model Minimum Pulse Width 'scanclk'
Slack : 3.986
TNS   : 0.000

Type  : Slow 1200mV 0C Model Minimum Pulse Width 'inst2pll|altpll_component|auto_generated|pll1|clk[2]'
Slack : 5.990
TNS   : 0.000

Type  : Slow 1200mV 0C Model Minimum Pulse Width 'inst2pll|altpll_component|auto_generated|pll1|clk[2]~1'
Slack : 5.990
TNS   : 0.000

Type  : Slow 1200mV 0C Model Minimum Pulse Width 'ftdi_clk'
Slack : 7.825
TNS   : 0.000

Type  : Slow 1200mV 0C Model Minimum Pulse Width 'clk50'
Slack : 9.706
TNS   : 0.000

Type  : Slow 1200mV 0C Model Minimum Pulse Width 'inst2pll|altpll_component|auto_generated|pll1|clk[0]'
Slack : 9.732
TNS   : 0.000

Type  : Slow 1200mV 0C Model Minimum Pulse Width 'inst2pll|altpll_component|auto_generated|pll1|clk[0]~1'
Slack : 9.732
TNS   : 0.000

Type  : Slow 1200mV 0C Model Minimum Pulse Width 'clk_ext'
Slack : 9.811
TNS   : 0.000

Type  : Fast 1200mV 0C Model Setup 'inst2pll|altpll_component|auto_generated|pll1|clk[1]'
Slack : 0.805
TNS   : 0.000

Type  : Fast 1200mV 0C Model Setup 'inst2pll|altpll_component|auto_generated|pll1|clk[1]~1'
Slack : 0.805
TNS   : 0.000

Type  : Fast 1200mV 0C Model Setup 'inst2pll|altpll_component|auto_generated|pll1|clk[2]'
Slack : 1.261
TNS   : 0.000

Type  : Fast 1200mV 0C Model Setup 'inst2pll|altpll_component|auto_generated|pll1|clk[2]~1'
Slack : 1.261
TNS   : 0.000

Type  : Fast 1200mV 0C Model Setup 'inst2pll|altpll_component|auto_generated|pll1|clk[0]'
Slack : 1.698
TNS   : 0.000

Type  : Fast 1200mV 0C Model Setup 'inst2pll|altpll_component|auto_generated|pll1|clk[0]~1'
Slack : 1.698
TNS   : 0.000

Type  : Fast 1200mV 0C Model Setup 'n/a'
Slack : 5.965
TNS   : 0.000

Type  : Fast 1200mV 0C Model Setup 'ftdi_clk'
Slack : 6.664
TNS   : 0.000

Type  : Fast 1200mV 0C Model Setup 'scanclk'
Slack : 9.330
TNS   : 0.000

Type  : Fast 1200mV 0C Model Hold 'inst2pll|altpll_component|auto_generated|pll1|clk[2]'
Slack : 0.133
TNS   : 0.000

Type  : Fast 1200mV 0C Model Hold 'inst2pll|altpll_component|auto_generated|pll1|clk[2]~1'
Slack : 0.133
TNS   : 0.000

Type  : Fast 1200mV 0C Model Hold 'ftdi_clk'
Slack : 0.147
TNS   : 0.000

Type  : Fast 1200mV 0C Model Hold 'inst2pll|altpll_component|auto_generated|pll1|clk[0]'
Slack : 0.178
TNS   : 0.000

Type  : Fast 1200mV 0C Model Hold 'inst2pll|altpll_component|auto_generated|pll1|clk[0]~1'
Slack : 0.178
TNS   : 0.000

Type  : Fast 1200mV 0C Model Hold 'inst2pll|altpll_component|auto_generated|pll1|clk[1]'
Slack : 0.192
TNS   : 0.000

Type  : Fast 1200mV 0C Model Hold 'inst2pll|altpll_component|auto_generated|pll1|clk[1]~1'
Slack : 0.192
TNS   : 0.000

Type  : Fast 1200mV 0C Model Hold 'scanclk'
Slack : 0.192
TNS   : 0.000

Type  : Fast 1200mV 0C Model Hold 'n/a'
Slack : 0.336
TNS   : 0.000

Type  : Fast 1200mV 0C Model Recovery 'ftdi_clk'
Slack : 14.323
TNS   : 0.000

Type  : Fast 1200mV 0C Model Recovery 'inst2pll|altpll_component|auto_generated|pll1|clk[0]'
Slack : 17.317
TNS   : 0.000

Type  : Fast 1200mV 0C Model Recovery 'inst2pll|altpll_component|auto_generated|pll1|clk[0]~1'
Slack : 17.317
TNS   : 0.000

Type  : Fast 1200mV 0C Model Removal 'ftdi_clk'
Slack : 1.726
TNS   : 0.000

Type  : Fast 1200mV 0C Model Removal 'inst2pll|altpll_component|auto_generated|pll1|clk[0]'
Slack : 2.007
TNS   : 0.000

Type  : Fast 1200mV 0C Model Removal 'inst2pll|altpll_component|auto_generated|pll1|clk[0]~1'
Slack : 2.007
TNS   : 0.000

Type  : Fast 1200mV 0C Model Minimum Pulse Width 'inst2pll|altpll_component|auto_generated|pll1|clk[1]'
Slack : 0.500
TNS   : 0.000

Type  : Fast 1200mV 0C Model Minimum Pulse Width 'inst2pll|altpll_component|auto_generated|pll1|clk[1]~1'
Slack : 0.500
TNS   : 0.000

Type  : Fast 1200mV 0C Model Minimum Pulse Width 'scanclk'
Slack : 3.921
TNS   : 0.000

Type  : Fast 1200mV 0C Model Minimum Pulse Width 'inst2pll|altpll_component|auto_generated|pll1|clk[2]'
Slack : 5.999
TNS   : 0.000

Type  : Fast 1200mV 0C Model Minimum Pulse Width 'inst2pll|altpll_component|auto_generated|pll1|clk[2]~1'
Slack : 5.999
TNS   : 0.000

Type  : Fast 1200mV 0C Model Minimum Pulse Width 'ftdi_clk'
Slack : 7.545
TNS   : 0.000

Type  : Fast 1200mV 0C Model Minimum Pulse Width 'clk50'
Slack : 9.417
TNS   : 0.000

Type  : Fast 1200mV 0C Model Minimum Pulse Width 'clk_ext'
Slack : 9.589
TNS   : 0.000

Type  : Fast 1200mV 0C Model Minimum Pulse Width 'inst2pll|altpll_component|auto_generated|pll1|clk[0]'
Slack : 9.752
TNS   : 0.000

Type  : Fast 1200mV 0C Model Minimum Pulse Width 'inst2pll|altpll_component|auto_generated|pll1|clk[0]~1'
Slack : 9.752
TNS   : 0.000

------------------------------------------------------------
