------------------------------------------------------------
Timing Analyzer Summary
------------------------------------------------------------

Type  : Slow 1200mV 85C Model Setup 'inst2pll|altpll_component|auto_generated|pll1|clk[0]'
Slack : 1.008
TNS   : 0.000

Type  : Slow 1200mV 85C Model Setup 'inst2pll|altpll_component|auto_generated|pll1|clk[0]~1'
Slack : 1.008
TNS   : 0.000

Type  : Slow 1200mV 85C Model Setup 'n/a'
Slack : 1.329
TNS   : 0.000

Type  : Slow 1200mV 85C Model Setup 'inst2pll|altpll_component|auto_generated|pll1|clk[1]'
Slack : 2.042
TNS   : 0.000

Type  : Slow 1200mV 85C Model Setup 'inst2pll|altpll_component|auto_generated|pll1|clk[1]~1'
Slack : 2.042
TNS   : 0.000

Type  : Slow 1200mV 85C Model Setup 'inst2pll|altpll_component|auto_generated|pll1|clk[2]'
Slack : 3.181
TNS   : 0.000

Type  : Slow 1200mV 85C Model Setup 'inst2pll|altpll_component|auto_generated|pll1|clk[2]~1'
Slack : 3.181
TNS   : 0.000

Type  : Slow 1200mV 85C Model Setup 'ftdi_clk'
Slack : 3.574
TNS   : 0.000

Type  : Slow 1200mV 85C Model Setup 'scanclk'
Slack : 8.459
TNS   : 0.000

Type  : Slow 1200mV 85C Model Hold 'inst2pll|altpll_component|auto_generated|pll1|clk[0]'
Slack : 0.333
TNS   : 0.000

Type  : Slow 1200mV 85C Model Hold 'inst2pll|altpll_component|auto_generated|pll1|clk[0]~1'
Slack : 0.333
TNS   : 0.000

Type  : Slow 1200mV 85C Model Hold 'inst2pll|altpll_component|auto_generated|pll1|clk[2]'
Slack : 0.333
TNS   : 0.000

Type  : Slow 1200mV 85C Model Hold 'inst2pll|altpll_component|auto_generated|pll1|clk[2]~1'
Slack : 0.333
TNS   : 0.000

Type  : Slow 1200mV 85C Model Hold 'ftdi_clk'
Slack : 0.411
TNS   : 0.000

Type  : Slow 1200mV 85C Model Hold 'scanclk'
Slack : 0.465
TNS   : 0.000

Type  : Slow 1200mV 85C Model Hold 'inst2pll|altpll_component|auto_generated|pll1|clk[1]'
Slack : 0.607
TNS   : 0.000

Type  : Slow 1200mV 85C Model Hold 'inst2pll|altpll_component|auto_generated|pll1|clk[1]~1'
Slack : 0.607
TNS   : 0.000

Type  : Slow 1200mV 85C Model Hold 'n/a'
Slack : 6.243
TNS   : 0.000

Type  : Slow 1200mV 85C Model Recovery 'ftdi_clk'
Slack : 11.415
TNS   : 0.000

Type  : Slow 1200mV 85C Model Recovery 'inst2pll|altpll_component|auto_generated|pll1|clk[0]'
Slack : 14.892
TNS   : 0.000

Type  : Slow 1200mV 85C Model Recovery 'inst2pll|altpll_component|auto_generated|pll1|clk[0]~1'
Slack : 14.892
TNS   : 0.000

Type  : Slow 1200mV 85C Model Removal 'ftdi_clk'
Slack : 3.310
TNS   : 0.000

Type  : Slow 1200mV 85C Model Removal 'inst2pll|altpll_component|auto_generated|pll1|clk[0]'
Slack : 3.409
TNS   : 0.000

Type  : Slow 1200mV 85C Model Removal 'inst2pll|altpll_component|auto_generated|pll1|clk[0]~1'
Slack : 3.409
TNS   : 0.000

Type  : Slow 1200mV 85C Model Minimum Pulse Width 'inst2pll|altpll_component|auto_generated|pll1|clk[1]'
Slack : 2.804
TNS   : 0.000

Type  : Slow 1200mV 85C Model Minimum Pulse Width 'inst2pll|altpll_component|auto_generated|pll1|clk[1]~1'
Slack : 2.804
TNS   : 0.000

Type  : Slow 1200mV 85C Model Minimum Pulse Width 'scanclk'
Slack : 3.964
TNS   : 0.000

Type  : Slow 1200mV 85C Model Minimum Pulse Width 'ftdi_clk'
Slack : 7.947
TNS   : 0.000

Type  : Slow 1200mV 85C Model Minimum Pulse Width 'inst2pll|altpll_component|auto_generated|pll1|clk[0]'
Slack : 9.470
TNS   : 0.000

Type  : Slow 1200mV 85C Model Minimum Pulse Width 'inst2pll|altpll_component|auto_generated|pll1|clk[0]~1'
Slack : 9.470
TNS   : 0.000

Type  : Slow 1200mV 85C Model Minimum Pulse Width 'clk50'
Slack : 9.689
TNS   : 0.000

Type  : Slow 1200mV 85C Model Minimum Pulse Width 'inst2pll|altpll_component|auto_generated|pll1|clk[2]'
Slack : 16.123
TNS   : 0.000

Type  : Slow 1200mV 85C Model Minimum Pulse Width 'inst2pll|altpll_component|auto_generated|pll1|clk[2]~1'
Slack : 16.123
TNS   : 0.000

Type  : Slow 1200mV 0C Model Setup 'inst2pll|altpll_component|auto_generated|pll1|clk[0]'
Slack : 1.347
TNS   : 0.000

Type  : Slow 1200mV 0C Model Setup 'inst2pll|altpll_component|auto_generated|pll1|clk[0]~1'
Slack : 1.347
TNS   : 0.000

Type  : Slow 1200mV 0C Model Setup 'n/a'
Slack : 1.986
TNS   : 0.000

Type  : Slow 1200mV 0C Model Setup 'inst2pll|altpll_component|auto_generated|pll1|clk[1]'
Slack : 2.194
TNS   : 0.000

Type  : Slow 1200mV 0C Model Setup 'inst2pll|altpll_component|auto_generated|pll1|clk[1]~1'
Slack : 2.194
TNS   : 0.000

Type  : Slow 1200mV 0C Model Setup 'inst2pll|altpll_component|auto_generated|pll1|clk[2]'
Slack : 3.371
TNS   : 0.000

Type  : Slow 1200mV 0C Model Setup 'inst2pll|altpll_component|auto_generated|pll1|clk[2]~1'
Slack : 3.371
TNS   : 0.000

Type  : Slow 1200mV 0C Model Setup 'ftdi_clk'
Slack : 4.312
TNS   : 0.000

Type  : Slow 1200mV 0C Model Setup 'scanclk'
Slack : 8.586
TNS   : 0.000

Type  : Slow 1200mV 0C Model Hold 'inst2pll|altpll_component|auto_generated|pll1|clk[2]'
Slack : 0.294
TNS   : 0.000

Type  : Slow 1200mV 0C Model Hold 'inst2pll|altpll_component|auto_generated|pll1|clk[2]~1'
Slack : 0.294
TNS   : 0.000

Type  : Slow 1200mV 0C Model Hold 'inst2pll|altpll_component|auto_generated|pll1|clk[0]'
Slack : 0.295
TNS   : 0.000

Type  : Slow 1200mV 0C Model Hold 'inst2pll|altpll_component|auto_generated|pll1|clk[0]~1'
Slack : 0.295
TNS   : 0.000

Type  : Slow 1200mV 0C Model Hold 'ftdi_clk'
Slack : 0.377
TNS   : 0.000

Type  : Slow 1200mV 0C Model Hold 'scanclk'
Slack : 0.416
TNS   : 0.000

Type  : Slow 1200mV 0C Model Hold 'inst2pll|altpll_component|auto_generated|pll1|clk[1]'
Slack : 0.537
TNS   : 0.000

Type  : Slow 1200mV 0C Model Hold 'inst2pll|altpll_component|auto_generated|pll1|clk[1]~1'
Slack : 0.537
TNS   : 0.000

Type  : Slow 1200mV 0C Model Hold 'n/a'
Slack : 5.676
TNS   : 0.000

Type  : Slow 1200mV 0C Model Recovery 'ftdi_clk'
Slack : 11.746
TNS   : 0.000

Type  : Slow 1200mV 0C Model Recovery 'inst2pll|altpll_component|auto_generated|pll1|clk[0]'
Slack : 15.278
TNS   : 0.000

Type  : Slow 1200mV 0C Model Recovery 'inst2pll|altpll_component|auto_generated|pll1|clk[0]~1'
Slack : 15.278
TNS   : 0.000

Type  : Slow 1200mV 0C Model Removal 'ftdi_clk'
Slack : 2.930
TNS   : 0.000

Type  : Slow 1200mV 0C Model Removal 'inst2pll|altpll_component|auto_generated|pll1|clk[0]'
Slack : 3.065
TNS   : 0.000

Type  : Slow 1200mV 0C Model Removal 'inst2pll|altpll_component|auto_generated|pll1|clk[0]~1'
Slack : 3.065
TNS   : 0.000

Type  : Slow 1200mV 0C Model Minimum Pulse Width 'inst2pll|altpll_component|auto_generated|pll1|clk[1]'
Slack : 2.834
TNS   : 0.000

Type  : Slow 1200mV 0C Model Minimum Pulse Width 'inst2pll|altpll_component|auto_generated|pll1|clk[1]~1'
Slack : 2.834
TNS   : 0.000

Type  : Slow 1200mV 0C Model Minimum Pulse Width 'scanclk'
Slack : 3.966
TNS   : 0.000

Type  : Slow 1200mV 0C Model Minimum Pulse Width 'ftdi_clk'
Slack : 7.818
TNS   : 0.000

Type  : Slow 1200mV 0C Model Minimum Pulse Width 'inst2pll|altpll_component|auto_generated|pll1|clk[0]'
Slack : 9.502
TNS   : 0.000

Type  : Slow 1200mV 0C Model Minimum Pulse Width 'inst2pll|altpll_component|auto_generated|pll1|clk[0]~1'
Slack : 9.502
TNS   : 0.000

Type  : Slow 1200mV 0C Model Minimum Pulse Width 'clk50'
Slack : 9.728
TNS   : 0.000

Type  : Slow 1200mV 0C Model Minimum Pulse Width 'inst2pll|altpll_component|auto_generated|pll1|clk[2]'
Slack : 16.126
TNS   : 0.000

Type  : Slow 1200mV 0C Model Minimum Pulse Width 'inst2pll|altpll_component|auto_generated|pll1|clk[2]~1'
Slack : 16.126
TNS   : 0.000

Type  : Fast 1200mV 0C Model Setup 'inst2pll|altpll_component|auto_generated|pll1|clk[1]'
Slack : 2.705
TNS   : 0.000

Type  : Fast 1200mV 0C Model Setup 'inst2pll|altpll_component|auto_generated|pll1|clk[1]~1'
Slack : 2.705
TNS   : 0.000

Type  : Fast 1200mV 0C Model Setup 'inst2pll|altpll_component|auto_generated|pll1|clk[0]'
Slack : 4.179
TNS   : 0.000

Type  : Fast 1200mV 0C Model Setup 'inst2pll|altpll_component|auto_generated|pll1|clk[0]~1'
Slack : 4.179
TNS   : 0.000

Type  : Fast 1200mV 0C Model Setup 'inst2pll|altpll_component|auto_generated|pll1|clk[2]'
Slack : 4.976
TNS   : 0.000

Type  : Fast 1200mV 0C Model Setup 'inst2pll|altpll_component|auto_generated|pll1|clk[2]~1'
Slack : 4.976
TNS   : 0.000

Type  : Fast 1200mV 0C Model Setup 'n/a'
Slack : 6.056
TNS   : 0.000

Type  : Fast 1200mV 0C Model Setup 'ftdi_clk'
Slack : 6.491
TNS   : 0.000

Type  : Fast 1200mV 0C Model Setup 'scanclk'
Slack : 9.330
TNS   : 0.000

Type  : Fast 1200mV 0C Model Hold 'inst2pll|altpll_component|auto_generated|pll1|clk[0]'
Slack : 0.118
TNS   : 0.000

Type  : Fast 1200mV 0C Model Hold 'inst2pll|altpll_component|auto_generated|pll1|clk[0]~1'
Slack : 0.118
TNS   : 0.000

Type  : Fast 1200mV 0C Model Hold 'inst2pll|altpll_component|auto_generated|pll1|clk[2]'
Slack : 0.119
TNS   : 0.000

Type  : Fast 1200mV 0C Model Hold 'inst2pll|altpll_component|auto_generated|pll1|clk[2]~1'
Slack : 0.119
TNS   : 0.000

Type  : Fast 1200mV 0C Model Hold 'ftdi_clk'
Slack : 0.129
TNS   : 0.000

Type  : Fast 1200mV 0C Model Hold 'scanclk'
Slack : 0.192
TNS   : 0.000

Type  : Fast 1200mV 0C Model Hold 'inst2pll|altpll_component|auto_generated|pll1|clk[1]'
Slack : 0.203
TNS   : 0.000

Type  : Fast 1200mV 0C Model Hold 'inst2pll|altpll_component|auto_generated|pll1|clk[1]~1'
Slack : 0.203
TNS   : 0.000

Type  : Fast 1200mV 0C Model Hold 'n/a'
Slack : 2.899
TNS   : 0.000

Type  : Fast 1200mV 0C Model Recovery 'ftdi_clk'
Slack : 14.245
TNS   : 0.000

Type  : Fast 1200mV 0C Model Recovery 'inst2pll|altpll_component|auto_generated|pll1|clk[0]'
Slack : 17.637
TNS   : 0.000

Type  : Fast 1200mV 0C Model Recovery 'inst2pll|altpll_component|auto_generated|pll1|clk[0]~1'
Slack : 17.637
TNS   : 0.000

Type  : Fast 1200mV 0C Model Removal 'ftdi_clk'
Slack : 1.454
TNS   : 0.000

Type  : Fast 1200mV 0C Model Removal 'inst2pll|altpll_component|auto_generated|pll1|clk[0]'
Slack : 1.513
TNS   : 0.000

Type  : Fast 1200mV 0C Model Removal 'inst2pll|altpll_component|auto_generated|pll1|clk[0]~1'
Slack : 1.513
TNS   : 0.000

Type  : Fast 1200mV 0C Model Minimum Pulse Width 'inst2pll|altpll_component|auto_generated|pll1|clk[1]'
Slack : 2.970
TNS   : 0.000

Type  : Fast 1200mV 0C Model Minimum Pulse Width 'inst2pll|altpll_component|auto_generated|pll1|clk[1]~1'
Slack : 2.970
TNS   : 0.000

Type  : Fast 1200mV 0C Model Minimum Pulse Width 'scanclk'
Slack : 3.939
TNS   : 0.000

Type  : Fast 1200mV 0C Model Minimum Pulse Width 'ftdi_clk'
Slack : 7.663
TNS   : 0.000

Type  : Fast 1200mV 0C Model Minimum Pulse Width 'clk50'
Slack : 9.476
TNS   : 0.000

Type  : Fast 1200mV 0C Model Minimum Pulse Width 'inst2pll|altpll_component|auto_generated|pll1|clk[0]'
Slack : 9.614
TNS   : 0.000

Type  : Fast 1200mV 0C Model Minimum Pulse Width 'inst2pll|altpll_component|auto_generated|pll1|clk[0]~1'
Slack : 9.614
TNS   : 0.000

Type  : Fast 1200mV 0C Model Minimum Pulse Width 'inst2pll|altpll_component|auto_generated|pll1|clk[2]'
Slack : 16.282
TNS   : 0.000

Type  : Fast 1200mV 0C Model Minimum Pulse Width 'inst2pll|altpll_component|auto_generated|pll1|clk[2]~1'
Slack : 16.282
TNS   : 0.000

------------------------------------------------------------
