------------------------------------------------------------
Timing Analyzer Summary
------------------------------------------------------------

Type  : Slow 1200mV 85C Model Setup 'inst2pll|altpll_component|auto_generated|pll1|clk[2]'
Slack : 0.286
TNS   : 0.000

Type  : Slow 1200mV 85C Model Setup 'inst2pll|altpll_component|auto_generated|pll1|clk[2]~1'
Slack : 0.286
TNS   : 0.000

Type  : Slow 1200mV 85C Model Setup 'inst2pll|altpll_component|auto_generated|pll1|clk[1]'
Slack : 0.493
TNS   : 0.000

Type  : Slow 1200mV 85C Model Setup 'inst2pll|altpll_component|auto_generated|pll1|clk[1]~1'
Slack : 0.493
TNS   : 0.000

Type  : Slow 1200mV 85C Model Setup 'inst2pll|altpll_component|auto_generated|pll1|clk[0]'
Slack : 1.038
TNS   : 0.000

Type  : Slow 1200mV 85C Model Setup 'inst2pll|altpll_component|auto_generated|pll1|clk[0]~1'
Slack : 1.038
TNS   : 0.000

Type  : Slow 1200mV 85C Model Setup 'n/a'
Slack : 3.102
TNS   : 0.000

Type  : Slow 1200mV 85C Model Setup 'ftdi_clk'
Slack : 5.021
TNS   : 0.000

Type  : Slow 1200mV 85C Model Setup 'scanclk'
Slack : 8.798
TNS   : 0.000

Type  : Slow 1200mV 85C Model Hold 'inst2pll|altpll_component|auto_generated|pll1|clk[2]'
Slack : 0.287
TNS   : 0.000

Type  : Slow 1200mV 85C Model Hold 'inst2pll|altpll_component|auto_generated|pll1|clk[2]~1'
Slack : 0.287
TNS   : 0.000

Type  : Slow 1200mV 85C Model Hold 'ftdi_clk'
Slack : 0.289
TNS   : 0.000

Type  : Slow 1200mV 85C Model Hold 'inst2pll|altpll_component|auto_generated|pll1|clk[0]'
Slack : 0.299
TNS   : 0.000

Type  : Slow 1200mV 85C Model Hold 'inst2pll|altpll_component|auto_generated|pll1|clk[0]~1'
Slack : 0.299
TNS   : 0.000

Type  : Slow 1200mV 85C Model Hold 'inst2pll|altpll_component|auto_generated|pll1|clk[1]'
Slack : 0.356
TNS   : 0.000

Type  : Slow 1200mV 85C Model Hold 'inst2pll|altpll_component|auto_generated|pll1|clk[1]~1'
Slack : 0.356
TNS   : 0.000

Type  : Slow 1200mV 85C Model Hold 'scanclk'
Slack : 0.359
TNS   : 0.000

Type  : Slow 1200mV 85C Model Hold 'n/a'
Slack : 0.552
TNS   : 0.000

Type  : Slow 1200mV 85C Model Recovery 'ftdi_clk'
Slack : 12.904
TNS   : 0.000

Type  : Slow 1200mV 85C Model Recovery 'inst2pll|altpll_component|auto_generated|pll1|clk[0]'
Slack : 15.319
TNS   : 0.000

Type  : Slow 1200mV 85C Model Recovery 'inst2pll|altpll_component|auto_generated|pll1|clk[0]~1'
Slack : 15.319
TNS   : 0.000

Type  : Slow 1200mV 85C Model Removal 'ftdi_clk'
Slack : 2.884
TNS   : 0.000

Type  : Slow 1200mV 85C Model Removal 'inst2pll|altpll_component|auto_generated|pll1|clk[0]'
Slack : 3.657
TNS   : 0.000

Type  : Slow 1200mV 85C Model Removal 'inst2pll|altpll_component|auto_generated|pll1|clk[0]~1'
Slack : 3.657
TNS   : 0.000

Type  : Slow 1200mV 85C Model Minimum Pulse Width 'inst2pll|altpll_component|auto_generated|pll1|clk[1]'
Slack : 0.500
TNS   : 0.000

Type  : Slow 1200mV 85C Model Minimum Pulse Width 'inst2pll|altpll_component|auto_generated|pll1|clk[1]~1'
Slack : 0.500
TNS   : 0.000

Type  : Slow 1200mV 85C Model Minimum Pulse Width 'scanclk'
Slack : 3.970
TNS   : 0.000

Type  : Slow 1200mV 85C Model Minimum Pulse Width 'inst2pll|altpll_component|auto_generated|pll1|clk[2]'
Slack : 5.989
TNS   : 0.000

Type  : Slow 1200mV 85C Model Minimum Pulse Width 'inst2pll|altpll_component|auto_generated|pll1|clk[2]~1'
Slack : 5.989
TNS   : 0.000

Type  : Slow 1200mV 85C Model Minimum Pulse Width 'ftdi_clk'
Slack : 7.823
TNS   : 0.000

Type  : Slow 1200mV 85C Model Minimum Pulse Width 'clk50'
Slack : 9.739
TNS   : 0.000

Type  : Slow 1200mV 85C Model Minimum Pulse Width 'inst2pll|altpll_component|auto_generated|pll1|clk[0]'
Slack : 9.744
TNS   : 0.000

Type  : Slow 1200mV 85C Model Minimum Pulse Width 'inst2pll|altpll_component|auto_generated|pll1|clk[0]~1'
Slack : 9.744
TNS   : 0.000

Type  : Slow 1200mV 85C Model Minimum Pulse Width 'clk_ext'
Slack : 9.827
TNS   : 0.000

Type  : Slow 1200mV 0C Model Setup 'inst2pll|altpll_component|auto_generated|pll1|clk[2]'
Slack : 0.515
TNS   : 0.000

Type  : Slow 1200mV 0C Model Setup 'inst2pll|altpll_component|auto_generated|pll1|clk[2]~1'
Slack : 0.515
TNS   : 0.000

Type  : Slow 1200mV 0C Model Setup 'inst2pll|altpll_component|auto_generated|pll1|clk[1]'
Slack : 0.591
TNS   : 0.000

Type  : Slow 1200mV 0C Model Setup 'inst2pll|altpll_component|auto_generated|pll1|clk[1]~1'
Slack : 0.591
TNS   : 0.000

Type  : Slow 1200mV 0C Model Setup 'inst2pll|altpll_component|auto_generated|pll1|clk[0]'
Slack : 1.194
TNS   : 0.000

Type  : Slow 1200mV 0C Model Setup 'inst2pll|altpll_component|auto_generated|pll1|clk[0]~1'
Slack : 1.194
TNS   : 0.000

Type  : Slow 1200mV 0C Model Setup 'n/a'
Slack : 3.750
TNS   : 0.000

Type  : Slow 1200mV 0C Model Setup 'ftdi_clk'
Slack : 5.644
TNS   : 0.000

Type  : Slow 1200mV 0C Model Setup 'scanclk'
Slack : 8.913
TNS   : 0.000

Type  : Slow 1200mV 0C Model Hold 'inst2pll|altpll_component|auto_generated|pll1|clk[2]'
Slack : 0.284
TNS   : 0.000

Type  : Slow 1200mV 0C Model Hold 'inst2pll|altpll_component|auto_generated|pll1|clk[2]~1'
Slack : 0.284
TNS   : 0.000

Type  : Slow 1200mV 0C Model Hold 'ftdi_clk'
Slack : 0.286
TNS   : 0.000

Type  : Slow 1200mV 0C Model Hold 'inst2pll|altpll_component|auto_generated|pll1|clk[0]'
Slack : 0.296
TNS   : 0.000

Type  : Slow 1200mV 0C Model Hold 'inst2pll|altpll_component|auto_generated|pll1|clk[0]~1'
Slack : 0.296
TNS   : 0.000

Type  : Slow 1200mV 0C Model Hold 'scanclk'
Slack : 0.319
TNS   : 0.000

Type  : Slow 1200mV 0C Model Hold 'inst2pll|altpll_component|auto_generated|pll1|clk[1]'
Slack : 0.323
TNS   : 0.000

Type  : Slow 1200mV 0C Model Hold 'inst2pll|altpll_component|auto_generated|pll1|clk[1]~1'
Slack : 0.323
TNS   : 0.000

Type  : Slow 1200mV 0C Model Hold 'n/a'
Slack : 0.565
TNS   : 0.000

Type  : Slow 1200mV 0C Model Recovery 'ftdi_clk'
Slack : 13.300
TNS   : 0.000

Type  : Slow 1200mV 0C Model Recovery 'inst2pll|altpll_component|auto_generated|pll1|clk[0]'
Slack : 15.842
TNS   : 0.000

Type  : Slow 1200mV 0C Model Recovery 'inst2pll|altpll_component|auto_generated|pll1|clk[0]~1'
Slack : 15.842
TNS   : 0.000

Type  : Slow 1200mV 0C Model Removal 'ftdi_clk'
Slack : 2.592
TNS   : 0.000

Type  : Slow 1200mV 0C Model Removal 'inst2pll|altpll_component|auto_generated|pll1|clk[0]'
Slack : 3.309
TNS   : 0.000

Type  : Slow 1200mV 0C Model Removal 'inst2pll|altpll_component|auto_generated|pll1|clk[0]~1'
Slack : 3.309
TNS   : 0.000

Type  : Slow 1200mV 0C Model Minimum Pulse Width 'inst2pll|altpll_component|auto_generated|pll1|clk[1]'
Slack : 0.500
TNS   : 0.000

Type  : Slow 1200mV 0C Model Minimum Pulse Width 'inst2pll|altpll_component|auto_generated|pll1|clk[1]~1'
Slack : 0.500
TNS   : 0.000

Type  : Slow 1200mV 0C Model Minimum Pulse Width 'scanclk'
Slack : 3.988
TNS   : 0.000

Type  : Slow 1200mV 0C Model Minimum Pulse Width 'inst2pll|altpll_component|auto_generated|pll1|clk[2]'
Slack : 5.987
TNS   : 0.000

Type  : Slow 1200mV 0C Model Minimum Pulse Width 'inst2pll|altpll_component|auto_generated|pll1|clk[2]~1'
Slack : 5.987
TNS   : 0.000

Type  : Slow 1200mV 0C Model Minimum Pulse Width 'ftdi_clk'
Slack : 7.824
TNS   : 0.000

Type  : Slow 1200mV 0C Model Minimum Pulse Width 'clk50'
Slack : 9.706
TNS   : 0.000

Type  : Slow 1200mV 0C Model Minimum Pulse Width 'inst2pll|altpll_component|auto_generated|pll1|clk[0]'
Slack : 9.733
TNS   : 0.000

Type  : Slow 1200mV 0C Model Minimum Pulse Width 'inst2pll|altpll_component|auto_generated|pll1|clk[0]~1'
Slack : 9.733
TNS   : 0.000

Type  : Slow 1200mV 0C Model Minimum Pulse Width 'clk_ext'
Slack : 9.811
TNS   : 0.000

Type  : Fast 1200mV 0C Model Setup 'inst2pll|altpll_component|auto_generated|pll1|clk[1]'
Slack : 0.804
TNS   : 0.000

Type  : Fast 1200mV 0C Model Setup 'inst2pll|altpll_component|auto_generated|pll1|clk[1]~1'
Slack : 0.804
TNS   : 0.000

Type  : Fast 1200mV 0C Model Setup 'inst2pll|altpll_component|auto_generated|pll1|clk[2]'
Slack : 1.267
TNS   : 0.000

Type  : Fast 1200mV 0C Model Setup 'inst2pll|altpll_component|auto_generated|pll1|clk[2]~1'
Slack : 1.267
TNS   : 0.000

Type  : Fast 1200mV 0C Model Setup 'inst2pll|altpll_component|auto_generated|pll1|clk[0]'
Slack : 1.639
TNS   : 0.000

Type  : Fast 1200mV 0C Model Setup 'inst2pll|altpll_component|auto_generated|pll1|clk[0]~1'
Slack : 1.639
TNS   : 0.000

Type  : Fast 1200mV 0C Model Setup 'n/a'
Slack : 5.927
TNS   : 0.000

Type  : Fast 1200mV 0C Model Setup 'ftdi_clk'
Slack : 6.569
TNS   : 0.000

Type  : Fast 1200mV 0C Model Setup 'scanclk'
Slack : 9.331
TNS   : 0.000

Type  : Fast 1200mV 0C Model Hold 'inst2pll|altpll_component|auto_generated|pll1|clk[2]'
Slack : 0.134
TNS   : 0.000

Type  : Fast 1200mV 0C Model Hold 'inst2pll|altpll_component|auto_generated|pll1|clk[2]~1'
Slack : 0.134
TNS   : 0.000

Type  : Fast 1200mV 0C Model Hold 'inst2pll|altpll_component|auto_generated|pll1|clk[0]'
Slack : 0.140
TNS   : 0.000

Type  : Fast 1200mV 0C Model Hold 'inst2pll|altpll_component|auto_generated|pll1|clk[0]~1'
Slack : 0.140
TNS   : 0.000

Type  : Fast 1200mV 0C Model Hold 'ftdi_clk'
Slack : 0.141
TNS   : 0.000

Type  : Fast 1200mV 0C Model Hold 'inst2pll|altpll_component|auto_generated|pll1|clk[1]'
Slack : 0.184
TNS   : 0.000

Type  : Fast 1200mV 0C Model Hold 'inst2pll|altpll_component|auto_generated|pll1|clk[1]~1'
Slack : 0.184
TNS   : 0.000

Type  : Fast 1200mV 0C Model Hold 'scanclk'
Slack : 0.193
TNS   : 0.000

Type  : Fast 1200mV 0C Model Hold 'n/a'
Slack : 0.336
TNS   : 0.000

Type  : Fast 1200mV 0C Model Recovery 'ftdi_clk'
Slack : 14.399
TNS   : 0.000

Type  : Fast 1200mV 0C Model Recovery 'inst2pll|altpll_component|auto_generated|pll1|clk[0]'
Slack : 17.163
TNS   : 0.000

Type  : Fast 1200mV 0C Model Recovery 'inst2pll|altpll_component|auto_generated|pll1|clk[0]~1'
Slack : 17.163
TNS   : 0.000

Type  : Fast 1200mV 0C Model Removal 'ftdi_clk'
Slack : 1.666
TNS   : 0.000

Type  : Fast 1200mV 0C Model Removal 'inst2pll|altpll_component|auto_generated|pll1|clk[0]'
Slack : 2.133
TNS   : 0.000

Type  : Fast 1200mV 0C Model Removal 'inst2pll|altpll_component|auto_generated|pll1|clk[0]~1'
Slack : 2.133
TNS   : 0.000

Type  : Fast 1200mV 0C Model Minimum Pulse Width 'inst2pll|altpll_component|auto_generated|pll1|clk[1]'
Slack : 0.500
TNS   : 0.000

Type  : Fast 1200mV 0C Model Minimum Pulse Width 'inst2pll|altpll_component|auto_generated|pll1|clk[1]~1'
Slack : 0.500
TNS   : 0.000

Type  : Fast 1200mV 0C Model Minimum Pulse Width 'scanclk'
Slack : 3.958
TNS   : 0.000

Type  : Fast 1200mV 0C Model Minimum Pulse Width 'inst2pll|altpll_component|auto_generated|pll1|clk[2]'
Slack : 6.000
TNS   : 0.000

Type  : Fast 1200mV 0C Model Minimum Pulse Width 'inst2pll|altpll_component|auto_generated|pll1|clk[2]~1'
Slack : 6.000
TNS   : 0.000

Type  : Fast 1200mV 0C Model Minimum Pulse Width 'ftdi_clk'
Slack : 7.545
TNS   : 0.000

Type  : Fast 1200mV 0C Model Minimum Pulse Width 'clk50'
Slack : 9.417
TNS   : 0.000

Type  : Fast 1200mV 0C Model Minimum Pulse Width 'clk_ext'
Slack : 9.589
TNS   : 0.000

Type  : Fast 1200mV 0C Model Minimum Pulse Width 'inst2pll|altpll_component|auto_generated|pll1|clk[0]'
Slack : 9.753
TNS   : 0.000

Type  : Fast 1200mV 0C Model Minimum Pulse Width 'inst2pll|altpll_component|auto_generated|pll1|clk[0]~1'
Slack : 9.753
TNS   : 0.000

------------------------------------------------------------
